mesh: 730 ├®l├®ments, 480 inconnues, sym=hv
domaines: Subdomain 1[interior]=435 closed=true Subdomain 2[interior]=76 closed=true Subdomain 3[interior]=174 closed=true Subdomain 4[interior]=107 closed=true Subdomain 5[exterior,baffle]=38 closed=false
volumes: Subdomain 1=0.493L Subdomain 2=0.048L Subdomain 3=3.506L Subdomain 4=5.684L total=9.731L
solve: 101.27 s pour 67 fr├®quences (1511 ms/f)

couplage : RATIO=area  Sd=220.0 cm┬▓  U=2.83 V

   f(Hz)   Sgeom     Za.re      Za.im       v(m/s)   SPL     Akabak     ╬ö   mismatch
   100.0   324.5       0.17     -16.32    1.96e-1   90.28    88.85    1.43     0.1%
   103.6   324.5       0.19     -17.05    1.95e-1   90.73    89.00    1.74     0.0%
   107.2   324.5       0.21     -17.81    1.95e-1   91.19    89.15    2.04     0.0%
   111.0   324.5       0.23     -18.63    1.95e-1   91.66    89.30    2.35     0.0%
   115.0   324.5       0.26     -19.50    1.94e-1   92.12    89.46    2.66     0.1%
   119.1   324.5       0.29     -20.43    1.93e-1   92.60    89.63    2.97     0.1%
   123.3   324.5       0.33     -21.43    1.92e-1   93.08    89.80    3.28     0.1%
   127.7   324.5       0.37     -22.50    1.91e-1   93.57    89.98    3.58     0.2%
   132.2   324.5       0.42     -23.66    1.89e-1   94.06    90.17    3.89     0.2%
   136.9   324.5       0.48     -24.91    1.87e-1   94.56    90.38    4.18     0.3%
   141.7   324.5       0.55     -26.27    1.85e-1   95.06    90.59    4.47     0.3%
   146.8   324.5       0.64     -27.76    1.82e-1   95.57    90.82    4.75     0.4%
   152.0   324.5       0.75     -29.39    1.79e-1   96.08    91.07    5.02     0.4%
   157.4   324.5       0.88     -31.19    1.75e-1   96.60    91.33    5.27     0.5%
   163.0   324.5       1.04     -33.19    1.70e-1   97.11    91.61    5.50     0.5%
   168.8   324.5       1.24     -35.43    1.65e-1   97.63    91.92    5.71     0.6%
   174.8   324.5       1.51     -37.96    1.58e-1   98.14    92.25    5.89     0.7%
   181.0   324.5       1.85     -40.84    1.51e-1   98.64    92.61    6.03     0.7%
   187.4   324.5       2.30     -44.15    1.43e-1   99.12    92.99    6.13     0.8%
   194.0   324.5       2.91     -48.01    1.34e-1   99.59    93.41    6.18     0.8%
   200.9   324.5       3.76     -52.57    1.24e-1  100.04    93.87    6.17     0.9%
   208.1   324.5       4.97     -58.05    1.13e-1  100.46    94.37    6.10     0.9%
   215.4   324.5       6.77     -64.76    1.01e-1  100.85    94.91    5.95     1.0%
   223.1   324.5       9.55     -73.18    8.81e-2  101.21    95.49    5.72     1.0%
   231.0   324.5      14.10     -83.97    7.51e-2  101.54    96.14    5.40     1.1%
   239.2   324.5      22.00     -98.11    6.20e-2  101.83    96.84    5.00     1.1%
   247.7   324.5      36.85    -116.66    4.92e-2  102.10    97.60    4.50     1.2%
   256.5   324.5      66.99    -138.85    3.74e-2  102.34    98.44    3.91     1.2%
   265.6   324.5     128.58    -150.97    2.76e-2  102.57    99.34    3.23     1.2%
   275.0   324.5     214.15     -98.87    2.18e-2  102.79   100.33    2.47     1.2%
   284.8   324.5     215.95      16.29    2.22e-2  103.01   101.37    1.64     1.2%
   294.9   324.5     148.30      66.87    2.74e-2  103.25   102.47    0.78     1.2%
   305.4   324.5      98.40      67.03    3.45e-2  103.50   103.57   -0.06     1.2%
   316.2   324.5      70.73      55.54    4.18e-2  103.79   104.59   -0.80     1.2%
   327.5   324.5      55.47      43.53    4.87e-2  104.11   105.44   -1.33     1.2%
   339.1   324.5      46.92      32.97    5.49e-2  104.47   106.00   -1.53     1.1%
   351.1   324.5      42.32      23.88    6.02e-2  104.86   106.22   -1.36     1.1%
   363.6   324.5      40.41      15.95    6.42e-2  105.29   106.13   -0.84     1.0%
   376.5   324.5      40.63       8.91    6.68e-2  105.72   105.85   -0.13     0.9%
   389.9   324.5      42.89       2.62    6.76e-2  106.12   105.48    0.63     0.9%
   403.7   324.5      47.39      -2.76    6.60e-2  106.43   105.14    1.28     0.8%
   418.0   324.5      54.58      -6.67    6.20e-2  106.57   104.88    1.69     0.7%
   432.9   324.5      64.81      -7.68    5.59e-2  106.49   104.74    1.75     0.6%
   448.2   324.5      77.46      -3.19    4.87e-2  106.16   104.74    1.43     0.6%
   464.2   324.5      88.91       9.69    4.23e-2  105.62   104.89    0.74     0.5%
   480.6   324.5      92.14      29.89    3.80e-2  104.94   105.19   -0.25     0.4%
   497.7   324.5      83.20      49.14    3.62e-2  104.19   105.63   -1.45     0.4%
   515.4   324.5      67.27      59.71    3.65e-2  103.44   106.21   -2.76     0.4%
   533.7   324.5      51.80      61.72    3.78e-2  102.75   106.86   -4.11     0.3%
   552.6   324.5      39.95      58.99    3.96e-2  102.14   107.51   -5.37     0.3%
   572.2   324.5      31.69      54.49    4.12e-2  101.63   108.05   -6.41     0.3%
   592.6   324.5      26.16      49.71    4.27e-2  101.24   108.36   -7.12     0.3%
   613.6   324.5      22.53      45.25    4.38e-2  100.97   108.38   -7.42     0.4%
   635.4   324.5      20.22      41.33    4.45e-2  100.81   108.17   -7.36     0.4%
   657.9   324.5      18.86      38.04    4.49e-2  100.75   107.83   -7.08     0.5%
   681.3   324.5      18.15      35.44    4.49e-2  100.76   107.47   -6.71     0.5%
   705.5   324.5      17.83      33.57    4.46e-2  100.81   107.18   -6.36     0.6%
   730.5   324.5      17.61      32.46    4.39e-2  100.83   106.95   -6.12     0.7%
   756.5   324.5      17.12      32.01    4.31e-2  100.75   106.75   -6.00     0.8%
   783.3   324.5      16.08      31.90    4.22e-2  100.51   106.47   -5.95     0.9%
   811.1   324.5      14.45      31.67    4.14e-2  100.10   105.99   -5.89     1.0%
   839.9   324.5      12.50      30.96    4.07e-2   99.56   105.27   -5.71     1.1%
   869.7   324.5      10.61      29.71    4.02e-2   98.97   104.37   -5.39     1.2%
   900.6   324.5       9.05      28.09    3.97e-2   98.42   103.40   -4.99     1.2%
   932.6   324.5       7.90      26.29    3.92e-2   97.96   102.52   -4.55     1.3%
   965.7   324.5       7.15      24.48    3.86e-2   97.67   101.80   -4.13     1.3%
  1000.0   324.5       6.78      22.76    3.80e-2   97.55   101.31   -3.76     1.3%

offset moyen = 0.31 dB ┬À RMS = 4.47 dB ┬À RMS de FORME (offset retir├®) = 4.46 dB ┬À max|╬ö| = 7.42 dB
