node : (node:26824) [MODULE_TYPELESS_PACKAGE_JSON] Warning: Module type of 
file:///C:/Users/Samuel/Desktop/CODE/ToolBox/src/js/bem/bemCore.js is not 
specified and it doesn't parse as CommonJS.
Au caractère Ligne:1 : 1
+ node scripts/spl_harness.mjs --runtag spl7 --fmin 100 --fmax 5000 --p ...
+ ~~~~~~~~~~~~~~~~~~~~~~~~~~~~~~~~~~~~~~~~~~~~~~~~~~~~~~~~~~~~~~~~~~~~~
    + CategoryInfo          : NotSpecified: ((node:26824) [M...se as CommonJS. 
   :String) [], RemoteException
    + FullyQualifiedErrorId : NativeCommandError
 
Reparsing as ES module because module syntax was detected. This incurs a 
performance overhead.
To eliminate this warning, add "type": "module" to 
C:\Users\Samuel\Desktop\CODE\ToolBox\package.json.
(Use `node --trace-warnings ...` to show where the warning was created)
[spl] Driver = Beyma 8MI100
      Sd=220 cm┬▓  Mms=19.0 g  fs=90 Hz  Qms=7.5
      Re=6 ╬®  BL=11.5 T┬Àm  Le=0.20 mH
      Kms=6076 N/m  Rms=1.433 N┬Às/m
[spl] Mesh: 790 triangles, St = 56.0 cm┬▓, Sd/St = 3.93
[spl] Sweep 69 freqs from 100 to 5080 Hz
  f=  100 Hz  SPL=96.2 dB   vcone=0.273 m/s   530 ms
  f=  141 Hz  SPL=98.4 dB   vcone=0.262 m/s   522 ms
  f=  200 Hz  SPL=98.0 dB   vcone=0.177 m/s   531 ms
  f=  283 Hz  SPL=98.4 dB   vcone=0.114 m/s   516 ms
  f=  400 Hz  SPL=101.9 dB   vcone=0.070 m/s   521 ms
  f=  566 Hz  SPL=112.1 dB   vcone=0.105 m/s   531 ms
  f=  800 Hz  SPL=109.7 dB   vcone=0.036 m/s   541 ms
  f= 1131 Hz  SPL=108.8 dB   vcone=0.036 m/s   551 ms
  f= 1600 Hz  SPL=106.3 dB   vcone=0.027 m/s   561 ms
  f= 2263 Hz  SPL=105.2 dB   vcone=0.018 m/s   565 ms
  f= 3200 Hz  SPL=103.1 dB   vcone=0.012 m/s   569 ms
  f= 4525 Hz  SPL=93.9 dB   vcone=0.007 m/s   573 ms
  f= 5080 Hz  SPL=93.4 dB   vcone=0.006 m/s   572 ms
[spl] Total: 38.3 s
[spl] SPL range observed: 93.4 .. 115.3 dB
[spl] Wrote C:\Users\Samuel\Desktop\CODE\ToolBox\scripts\out\spl7_SPL.png
